<html>
<body>
<pre>
<h1>µVision Build Log</h1>
<h2>Tool Versions:</h2>
IDE-Version: µVision V5.12.0.0
Copyright (C) 2014 ARM Ltd and ARM Germany GmbH. All rights reserved.
License Information: aaa a, a, LIC=----
 
Tool Versions:
Toolchain:       MDK-Lite  Version: 5.12.0.0
Toolchain Path:  d:\Keil_v5\ARM\ARMCC\Bin
C Compiler:      Armcc.exe V5.05 (build 41)
Assembler:       Armasm.exe V5.05 (build 41)
Linker/Locator:  ArmLink.exe V5.05 (build 41)
Library Manager: ArmAr.exe V5.05 (build 41)
Hex Converter:   FromElf.exe V5.05 (build 41)
CPU DLL:         SARMCM3.DLL V5.12.0.0
Dialog DLL:      DARMCM1.DLL V1.11.00.0
    Target DLL: STLink\ST-LINKIII-KEIL_SWO.dll
Dialog DLL:      TARMCM1.DLL V1.08.00.0
 
<h2>Project:</h2>
K:\Box Sync\LEES\paper\bio_proposal\Virgo\CODE\nRF51\Nordic\nrf51822\Board\nrf6310\s110\nrf51-UART-examples\app_uart_library_example_with_ble\arm\ble_app_uart.uvprojx
Project File Date:  08/25/2015

<h2>Output:</h2>
Rebuild target 'nrf51822_xxaa_s110 (256K)'
assembling arm_startup_nrf51.s...
creating preprocessor file for system_nrf51.c...
compiling system_nrf51.c...
creating preprocessor file for main.c...
compiling main.c...
creating preprocessor file for ble_srv_common.c...
compiling ble_srv_common.c...
creating preprocessor file for ble_nus.c...
compiling ble_nus.c...
creating preprocessor file for ble_advdata.c...
compiling ble_advdata.c...
creating preprocessor file for ble_conn_params.c...
compiling ble_conn_params.c...
creating preprocessor file for softdevice_handler.c...
compiling softdevice_handler.c...
creating preprocessor file for simple_uart.c...
compiling simple_uart.c...
creating preprocessor file for app_timer.c...
compiling app_timer.c...
creating preprocessor file for app_gpiote.c...
compiling app_gpiote.c...
creating preprocessor file for app_fifo.c...
compiling app_fifo.c...
creating preprocessor file for ble_debug_assert_handler.c...
compiling ble_debug_assert_handler.c...
creating preprocessor file for app_uart_fifo_mod.c...
compiling app_uart_fifo_mod.c...
linking...
Program Size: Code=12208 RO-data=1136 RW-data=136 ZI-data=5032  
FromELF: creating hex file...
".\_build\ble_app_uart.axf" - 0 Error(s), 0 Warning(s).

<h2>Software Packages used:</h2>

Package Vendor: ARM
                http://www.keil.com/pack/ARM.CMSIS.4.2.0.pack
                ARM::CMSIS:CORE:3.40.0
                CMSIS (Cortex Microcontroller Software Interface Standard)
   * Component: CORE Version: 3.40.0

Package Vendor: NordicSemiconductor
                http://www.keil.com/pack/NordicSemiconductor.nRF_DeviceFamilyPack.1.1.1.pack
                NordicSemiconductor::Device:Startup:1.0.0
                Nordic Semiconductor nRF ARM devices Device Family Pack.
   * Component: Startup Version: 1.0.0

<h2>Collection of Component include folders:</h2>
  K:\Box Sync\LEES\paper\bio_proposal\Virgo\CODE\nRF51\Nordic\nrf51822\Board\nrf6310\s110\nrf51-UART-examples\app_uart_library_example_with_ble\arm\RTE
  d:\Keil_v5\ARM\PACK\ARM\CMSIS\4.2.0\CMSIS\Include
  d:\Keil_v5\ARM\PACK\NordicSemiconductor\nRF_DeviceFamilyPack\1.1.1\Device\Include

<h2>Collection of Component Files used:</h2>

   * Component: ARM::CMSIS:CORE:3.40.0
      Source file:   CMSIS\UserCodeTemplates\ARM\ITM_Retarget.c

   * Component: NordicSemiconductor::Device:Startup:1.0.0
      Source file:   Device\Source\arm\arm_startup_nrf51.s
      Source file:   Device\Source\system_nrf51.c
      Include file:  Device\Include\system_nrf51.h
Load "K:\\Box Sync\\LEES\\paper\\bio_proposal\\Virgo\\CODE\\nRF51\\Nordic\\nrf51822\\Board\\nrf6310\\s110\\nrf51-UART-examples\\app_uart_library_example_with_ble\\arm\\_build\\ble_app_uart.axf" 
Erase Done.
Programming Done.
Verify OK.
Load "K:\\Box Sync\\LEES\\paper\\bio_proposal\\Virgo\\CODE\\nRF51\\Nordic\\nrf51822\\Board\\nrf6310\\s110\\nrf51-UART-examples\\app_uart_library_example_with_ble\\arm\\_build\\ble_app_uart.axf" 
Erase Done.
Programming Done.
Verify OK.
 Done.
Verify OK.
Load "K:\\Box Sync\\LEES\\paper\\bio_proposal\\Virgo\\CODE\\nRF51\\Nordic\\nrf51822\\Board\\nrf6310\\s110\\nrf51-UART-examples\\app_uart_library_example_with_ble\\arm\\_build\\ble_app_uart.axf" 
Erase Done.
Programming Done.
Verify OK.
