Component: ARM Compiler 5.05 (build 41) Tool: armlink [4d0eb9]

==============================================================================

Section Cross References

    arm_startup_nrf51.o(STACK) refers (Special) to heapauxi.o(.text) for __use_two_region_memory
    arm_startup_nrf51.o(HEAP) refers (Special) to heapauxi.o(.text) for __use_two_region_memory
    arm_startup_nrf51.o(RESET) refers (Special) to heapauxi.o(.text) for __use_two_region_memory
    arm_startup_nrf51.o(RESET) refers to arm_startup_nrf51.o(STACK) for __initial_sp
    arm_startup_nrf51.o(RESET) refers to arm_startup_nrf51.o(.text) for Reset_Handler
    arm_startup_nrf51.o(RESET) refers to app_uart_fifo_mod.o(.text) for UART0_IRQHandler
    arm_startup_nrf51.o(RESET) refers to app_gpiote.o(.text) for GPIOTE_IRQHandler
    arm_startup_nrf51.o(RESET) refers to app_timer.o(.text) for RTC1_IRQHandler
    arm_startup_nrf51.o(RESET) refers to softdevice_handler.o(.text) for SWI2_IRQHandler
    arm_startup_nrf51.o(.text) refers (Special) to heapauxi.o(.text) for __use_two_region_memory
    arm_startup_nrf51.o(.text) refers to system_nrf51.o(.text) for SystemInit
    arm_startup_nrf51.o(.text) refers to __main.o(!!!main) for __main
    arm_startup_nrf51.o(.text) refers to arm_startup_nrf51.o(HEAP) for Heap_Mem
    arm_startup_nrf51.o(.text) refers to arm_startup_nrf51.o(STACK) for Stack_Mem
    system_nrf51.o(.text) refers to system_nrf51.o(.data) for SystemCoreClock
    main.o(.text) refers to app_timer.o(.text) for app_timer_init
    main.o(.text) refers to rt_memclr.o(.text) for __aeabi_memclr4
    main.o(.text) refers to ble_advdata.o(.text) for ble_advdata_set
    main.o(.text) refers to app_uart_fifo_mod.o(.text) for app_uart_put
    main.o(.text) refers to ble_nus.o(.text) for ble_nus_init
    main.o(.text) refers to ble_conn_params.o(.text) for ble_conn_params_init
    main.o(.text) refers to rt_memcpy.o(.text) for __aeabi_memcpy
    main.o(.text) refers to main.o(.bss) for APP_TIMER_BUF
    main.o(.text) refers to main.o(.constdata) for .constdata
    main.o(.text) refers to main.o(.data) for m_sec_params
    main.o(.text) refers to softdevice_handler.o(.text) for softdevice_handler_init
    main.o(.text) refers to strlen.o(.text) for strlen
    ble_srv_common.o(.text) refers to main.o(.text) for app_error_handler
    ble_srv_common.o(.text) refers to strlen.o(.text) for strlen
    ble_nus.o(.text) refers to rt_memclr.o(.text) for __aeabi_memclr4
    ble_nus.o(.text) refers to ble_nus.o(.constdata) for .constdata
    ble_advdata.o(.text) refers to rt_memcpy.o(.text) for __aeabi_memcpy
    ble_conn_params.o(.text) refers to rt_memcpy.o(.emb_text) for __aeabi_memcpy4
    ble_conn_params.o(.text) refers to rt_memcpy.o(.text) for __aeabi_memcpy
    ble_conn_params.o(.text) refers to app_timer.o(.text) for app_timer_create
    ble_conn_params.o(.text) refers to ble_conn_params.o(.data) for m_preferred_conn_params
    ble_conn_params.o(.text) refers to ble_conn_params.o(.bss) for m_conn_params_config
    softdevice_handler.o(.text) refers to main.o(.text) for assert_nrf_callback
    softdevice_handler.o(.text) refers to softdevice_handler.o(.data) for m_softdevice_enabled
    simple_uart.o(.text) refers to simple_uart.o(.emb_text) for __asm___13_simple_uart_c_5dda6715__nrf_delay_us
    app_timer.o(.text) refers to app_timer.o(.emb_text) for __asm___11_app_timer_c_cd27f9c3__nrf_delay_us
    app_timer.o(.text) refers to main.o(.text) for app_error_handler
    app_timer.o(.text) refers to app_timer.o(.data) for m_rtc1_running
    app_gpiote.o(.text) refers to rt_memclr.o(.text) for __aeabi_memclr4
    app_gpiote.o(.text) refers to app_gpiote.o(.data) for mp_users
    ble_debug_assert_handler.o(.text) refers to strncpy.o(.text) for strncpy
    ble_debug_assert_handler.o(.text) refers to ble_debug_assert_handler.o(.bss) for s_file_name
    ble_debug_assert_handler.o(.text) refers to ble_debug_assert_handler.o(.data) for s_line_num
    app_uart_fifo_mod.o(.text) refers to app_fifo.o(.text) for app_fifo_get
    app_uart_fifo_mod.o(.text) refers to app_uart_fifo_mod.o(i.__ARM_common_switch8) for __ARM_common_switch8
    app_uart_fifo_mod.o(.text) refers to app_gpiote.o(.text) for app_gpiote_pins_state_get
    app_uart_fifo_mod.o(.text) refers to app_uart_fifo_mod.o(.data) for m_current_state
    app_uart_fifo_mod.o(.text) refers to app_uart_fifo_mod.o(.bss) for m_tx_fifo
    rt_memcpy.o(.text) refers to rt_memcpy.o(.emb_text) for __aeabi_memcpy4
    strncpy.o(.text) refers to rt_memclr.o(.text) for __rt_memclr
    __main.o(!!!main) refers to __rtentry.o(.ARM.Collect$$rtentry$$00000000) for __rt_entry
    __rtentry.o(.ARM.Collect$$rtentry$$00000000) refers (Special) to __rtentry2.o(.ARM.Collect$$rtentry$$0000000A) for __rt_entry_li
    __rtentry.o(.ARM.Collect$$rtentry$$00000000) refers (Special) to __rtentry2.o(.ARM.Collect$$rtentry$$0000000D) for __rt_entry_main
    __rtentry.o(.ARM.Collect$$rtentry$$00000000) refers (Special) to __rtentry2.o(.ARM.Collect$$rtentry$$0000000C) for __rt_entry_postli_1
    __rtentry.o(.ARM.Collect$$rtentry$$00000000) refers (Special) to __rtentry2.o(.ARM.Collect$$rtentry$$00000009) for __rt_entry_postsh_1
    __rtentry.o(.ARM.Collect$$rtentry$$00000000) refers (Special) to __rtentry2.o(.ARM.Collect$$rtentry$$00000002) for __rt_entry_presh_1
    __rtentry.o(.ARM.Collect$$rtentry$$00000000) refers (Special) to __rtentry4.o(.ARM.Collect$$rtentry$$00000004) for __rt_entry_sh
    __rtentry2.o(.ARM.Collect$$rtentry$$00000008) refers to boardinit2.o(.text) for _platform_post_stackheap_init
    __rtentry2.o(.ARM.Collect$$rtentry$$0000000A) refers to libinit.o(.ARM.Collect$$libinit$$00000000) for __rt_lib_init
    __rtentry2.o(.ARM.Collect$$rtentry$$0000000B) refers to boardinit3.o(.text) for _platform_post_lib_init
    __rtentry2.o(.ARM.Collect$$rtentry$$0000000D) refers to main.o(.text) for main
    __rtentry2.o(.ARM.Collect$$rtentry$$0000000D) refers to exit.o(.text) for exit
    __rtentry2.o(.ARM.exidx) refers to __rtentry2.o(.ARM.Collect$$rtentry$$00000001) for .ARM.Collect$$rtentry$$00000001
    __rtentry2.o(.ARM.exidx) refers to __rtentry2.o(.ARM.Collect$$rtentry$$00000008) for .ARM.Collect$$rtentry$$00000008
    __rtentry2.o(.ARM.exidx) refers to __rtentry2.o(.ARM.Collect$$rtentry$$0000000A) for .ARM.Collect$$rtentry$$0000000A
    __rtentry2.o(.ARM.exidx) refers to __rtentry2.o(.ARM.Collect$$rtentry$$0000000B) for .ARM.Collect$$rtentry$$0000000B
    __rtentry2.o(.ARM.exidx) refers to __rtentry2.o(.ARM.Collect$$rtentry$$0000000D) for .ARM.Collect$$rtentry$$0000000D
    __rtentry4.o(.ARM.Collect$$rtentry$$00000004) refers to sys_stackheap_outer.o(.text) for __user_setup_stackheap
    __rtentry4.o(.ARM.exidx) refers to __rtentry4.o(.ARM.Collect$$rtentry$$00000004) for .ARM.Collect$$rtentry$$00000004
    sys_stackheap_outer.o(.text) refers to libspace.o(.text) for __user_perproc_libspace
    sys_stackheap_outer.o(.text) refers to arm_startup_nrf51.o(.text) for __user_initial_stackheap
    sys_stackheap_outer.o(__vectab_stack_and_reset_area) refers to tempstk.o(.text) for __temporary_stack_top
    sys_stackheap_outer.o(__vectab_stack_and_reset_area) refers to __main.o(!!!main) for __main
    exit.o(.text) refers to rtexit.o(.ARM.Collect$$rtexit$$00000000) for __rt_exit
    libinit.o(.ARM.Collect$$libinit$$00000000) refers (Special) to libinit2.o(.ARM.Collect$$libinit$$0000002E) for __rt_lib_init_alloca_1
    libinit.o(.ARM.Collect$$libinit$$00000000) refers (Special) to libinit2.o(.ARM.Collect$$libinit$$0000002C) for __rt_lib_init_argv_1
    libinit.o(.ARM.Collect$$libinit$$00000000) refers (Special) to libinit2.o(.ARM.Collect$$libinit$$0000001B) for __rt_lib_init_atexit_1
    libinit.o(.ARM.Collect$$libinit$$00000000) refers (Special) to libinit2.o(.ARM.Collect$$libinit$$00000021) for __rt_lib_init_clock_1
    libinit.o(.ARM.Collect$$libinit$$00000000) refers (Special) to libinit2.o(.ARM.Collect$$libinit$$00000032) for __rt_lib_init_cpp_1
    libinit.o(.ARM.Collect$$libinit$$00000000) refers (Special) to libinit2.o(.ARM.Collect$$libinit$$00000030) for __rt_lib_init_exceptions_1
    libinit.o(.ARM.Collect$$libinit$$00000000) refers (Special) to libinit2.o(.ARM.Collect$$libinit$$00000002) for __rt_lib_init_fp_1
    libinit.o(.ARM.Collect$$libinit$$00000000) refers (Special) to libinit2.o(.ARM.Collect$$libinit$$0000001F) for __rt_lib_init_fp_trap_1
    libinit.o(.ARM.Collect$$libinit$$00000000) refers (Special) to libinit2.o(.ARM.Collect$$libinit$$00000023) for __rt_lib_init_getenv_1
    libinit.o(.ARM.Collect$$libinit$$00000000) refers (Special) to libinit2.o(.ARM.Collect$$libinit$$0000000A) for __rt_lib_init_heap_1
    libinit.o(.ARM.Collect$$libinit$$00000000) refers (Special) to libinit2.o(.ARM.Collect$$libinit$$00000011) for __rt_lib_init_lc_collate_1
    libinit.o(.ARM.Collect$$libinit$$00000000) refers (Special) to libinit2.o(.ARM.Collect$$libinit$$00000013) for __rt_lib_init_lc_ctype_1
    libinit.o(.ARM.Collect$$libinit$$00000000) refers (Special) to libinit2.o(.ARM.Collect$$libinit$$00000015) for __rt_lib_init_lc_monetary_1
    libinit.o(.ARM.Collect$$libinit$$00000000) refers (Special) to libinit2.o(.ARM.Collect$$libinit$$00000017) for __rt_lib_init_lc_numeric_1
    libinit.o(.ARM.Collect$$libinit$$00000000) refers (Special) to libinit2.o(.ARM.Collect$$libinit$$00000019) for __rt_lib_init_lc_time_1
    libinit.o(.ARM.Collect$$libinit$$00000000) refers (Special) to libinit2.o(.ARM.Collect$$libinit$$00000004) for __rt_lib_init_preinit_1
    libinit.o(.ARM.Collect$$libinit$$00000000) refers (Special) to libinit2.o(.ARM.Collect$$libinit$$0000000E) for __rt_lib_init_rand_1
    libinit.o(.ARM.Collect$$libinit$$00000000) refers (Special) to libinit2.o(.ARM.Collect$$libinit$$00000033) for __rt_lib_init_return
    libinit.o(.ARM.Collect$$libinit$$00000000) refers (Special) to libinit2.o(.ARM.Collect$$libinit$$0000001D) for __rt_lib_init_signal_1
    libinit.o(.ARM.Collect$$libinit$$00000000) refers (Special) to libinit2.o(.ARM.Collect$$libinit$$00000025) for __rt_lib_init_stdio_1
    libinit.o(.ARM.Collect$$libinit$$00000000) refers (Special) to libinit2.o(.ARM.Collect$$libinit$$0000000C) for __rt_lib_init_user_alloc_1
    libspace.o(.text) refers to libspace.o(.bss) for __libspace_start
    rtexit.o(.ARM.Collect$$rtexit$$00000000) refers (Special) to rtexit2.o(.ARM.Collect$$rtexit$$00000004) for __rt_exit_exit
    rtexit.o(.ARM.Collect$$rtexit$$00000000) refers (Special) to rtexit2.o(.ARM.Collect$$rtexit$$00000003) for __rt_exit_ls
    rtexit.o(.ARM.Collect$$rtexit$$00000000) refers (Special) to rtexit2.o(.ARM.Collect$$rtexit$$00000002) for __rt_exit_prels_1
    rtexit.o(.ARM.exidx) refers (Special) to rtexit2.o(.ARM.Collect$$rtexit$$00000004) for __rt_exit_exit
    rtexit.o(.ARM.exidx) refers (Special) to rtexit2.o(.ARM.Collect$$rtexit$$00000003) for __rt_exit_ls
    rtexit.o(.ARM.exidx) refers (Special) to rtexit2.o(.ARM.Collect$$rtexit$$00000002) for __rt_exit_prels_1
    rtexit.o(.ARM.exidx) refers to rtexit.o(.ARM.Collect$$rtexit$$00000000) for .ARM.Collect$$rtexit$$00000000
    libinit2.o(.ARM.Collect$$libinit$$00000010) refers to libinit2.o(.ARM.Collect$$libinit$$0000000F) for .ARM.Collect$$libinit$$0000000F
    libinit2.o(.ARM.Collect$$libinit$$00000012) refers to libinit2.o(.ARM.Collect$$libinit$$0000000F) for .ARM.Collect$$libinit$$0000000F
    libinit2.o(.ARM.Collect$$libinit$$00000014) refers to libinit2.o(.ARM.Collect$$libinit$$0000000F) for .ARM.Collect$$libinit$$0000000F
    libinit2.o(.ARM.Collect$$libinit$$00000016) refers to libinit2.o(.ARM.Collect$$libinit$$0000000F) for .ARM.Collect$$libinit$$0000000F
    libinit2.o(.ARM.Collect$$libinit$$00000018) refers to libinit2.o(.ARM.Collect$$libinit$$0000000F) for .ARM.Collect$$libinit$$0000000F
    libinit2.o(.ARM.Collect$$libinit$$00000026) refers to argv_veneer.o(.text) for __ARM_argv_veneer
    libinit2.o(.ARM.Collect$$libinit$$00000027) refers to argv_veneer.o(.text) for __ARM_argv_veneer
    rtexit2.o(.ARM.Collect$$rtexit$$00000003) refers to libshutdown.o(.ARM.Collect$$libshutdown$$00000000) for __rt_lib_shutdown
    rtexit2.o(.ARM.Collect$$rtexit$$00000004) refers to sys_exit.o(.text) for _sys_exit
    rtexit2.o(.ARM.exidx) refers to rtexit2.o(.ARM.Collect$$rtexit$$00000001) for .ARM.Collect$$rtexit$$00000001
    rtexit2.o(.ARM.exidx) refers to rtexit2.o(.ARM.Collect$$rtexit$$00000003) for .ARM.Collect$$rtexit$$00000003
    rtexit2.o(.ARM.exidx) refers to rtexit2.o(.ARM.Collect$$rtexit$$00000004) for .ARM.Collect$$rtexit$$00000004
    sys_exit.o(.text) refers (Special) to use_no_semi.o(.text) for __I$use$semihosting
    sys_exit.o(.text) refers (Special) to indicate_semi.o(.text) for __semihosting_library_function
    _get_argv_nomalloc.o(.text) refers (Special) to hrguard.o(.text) for __heap_region$guard
    _get_argv_nomalloc.o(.text) refers to defsig_rtmem_outer.o(.text) for __rt_SIGRTMEM
    _get_argv_nomalloc.o(.text) refers to sys_command.o(.text) for _sys_command_string
    libshutdown.o(.ARM.Collect$$libshutdown$$00000000) refers (Special) to libshutdown2.o(.ARM.Collect$$libshutdown$$00000006) for __rt_lib_shutdown_fp_trap_1
    libshutdown.o(.ARM.Collect$$libshutdown$$00000000) refers (Special) to libshutdown2.o(.ARM.Collect$$libshutdown$$0000000E) for __rt_lib_shutdown_heap_1
    libshutdown.o(.ARM.Collect$$libshutdown$$00000000) refers (Special) to libshutdown2.o(.ARM.Collect$$libshutdown$$0000000F) for __rt_lib_shutdown_return
    libshutdown.o(.ARM.Collect$$libshutdown$$00000000) refers (Special) to libshutdown2.o(.ARM.Collect$$libshutdown$$00000009) for __rt_lib_shutdown_signal_1
    libshutdown.o(.ARM.Collect$$libshutdown$$00000000) refers (Special) to libshutdown2.o(.ARM.Collect$$libshutdown$$00000003) for __rt_lib_shutdown_stdio_1
    libshutdown.o(.ARM.Collect$$libshutdown$$00000000) refers (Special) to libshutdown2.o(.ARM.Collect$$libshutdown$$0000000B) for __rt_lib_shutdown_user_alloc_1
    sys_command.o(.text) refers (Special) to use_no_semi.o(.text) for __I$use$semihosting
    sys_command.o(.text) refers (Special) to indicate_semi.o(.text) for __semihosting_library_function
    defsig_rtmem_outer.o(.text) refers to defsig_rtmem_inner.o(.text) for __rt_SIGRTMEM_inner
    defsig_rtmem_outer.o(.text) refers to defsig_exit.o(.text) for __sig_exit
    defsig_rtmem_formal.o(.text) refers to rt_raise.o(.text) for __rt_raise
    rt_raise.o(.text) refers to __raise.o(.text) for __raise
    rt_raise.o(.text) refers to sys_exit.o(.text) for _sys_exit
    defsig_exit.o(.text) refers to sys_exit.o(.text) for _sys_exit
    defsig_rtmem_inner.o(.text) refers to defsig_general.o(.text) for __default_signal_display
    __raise.o(.text) refers to defsig.o(CL$$defsig) for __default_signal_handler
    defsig_general.o(.text) refers to sys_wrch.o(.text) for _ttywrch
    sys_wrch.o(.text) refers (Special) to use_no_semi.o(.text) for __I$use$semihosting
    sys_wrch.o(.text) refers (Special) to indicate_semi.o(.text) for __semihosting_library_function
    defsig.o(CL$$defsig) refers to defsig_rtmem_inner.o(.text) for __rt_SIGRTMEM_inner
    defsig_abrt_inner.o(.text) refers to defsig_general.o(.text) for __default_signal_display
    defsig_fpe_inner.o(.text) refers to defsig_general.o(.text) for __default_signal_display
    defsig_rtred_inner.o(.text) refers to defsig_general.o(.text) for __default_signal_display
    defsig_stak_inner.o(.text) refers to defsig_general.o(.text) for __default_signal_display
    defsig_pvfn_inner.o(.text) refers to defsig_general.o(.text) for __default_signal_display
    defsig_cppl_inner.o(.text) refers to defsig_general.o(.text) for __default_signal_display
    defsig_segv_inner.o(.text) refers to defsig_general.o(.text) for __default_signal_display
    defsig_other.o(.text) refers to defsig_general.o(.text) for __default_signal_display


==============================================================================

Removing Unused input sections from the image.

    Removing system_nrf51.o(.rev16_text), (4 bytes).
    Removing system_nrf51.o(.revsh_text), (4 bytes).
    Removing main.o(.rev16_text), (4 bytes).
    Removing main.o(.revsh_text), (4 bytes).
    Removing ble_srv_common.o(.text), (140 bytes).
    Removing softdevice_handler.o(.rev16_text), (4 bytes).
    Removing softdevice_handler.o(.revsh_text), (4 bytes).
    Removing simple_uart.o(.rev16_text), (4 bytes).
    Removing simple_uart.o(.revsh_text), (4 bytes).
    Removing simple_uart.o(.emb_text), (30 bytes).
    Removing simple_uart.o(.text), (284 bytes).
    Removing app_timer.o(.rev16_text), (4 bytes).
    Removing app_timer.o(.revsh_text), (4 bytes).
    Removing app_gpiote.o(.rev16_text), (4 bytes).
    Removing app_gpiote.o(.revsh_text), (4 bytes).
    Removing ble_debug_assert_handler.o(.rev16_text), (4 bytes).
    Removing ble_debug_assert_handler.o(.revsh_text), (4 bytes).
    Removing ble_debug_assert_handler.o(.text), (60 bytes).
    Removing ble_debug_assert_handler.o(.bss), (128 bytes).
    Removing ble_debug_assert_handler.o(.data), (8 bytes).
    Removing app_uart_fifo_mod.o(.rev16_text), (4 bytes).
    Removing app_uart_fifo_mod.o(.revsh_text), (4 bytes).

22 unused section(s) (total 714 bytes) removed from the image.

==============================================================================

Image Symbol Table

    Local Symbols

    Symbol Name                              Value     Ov Type        Size  Object(Section)

    ../clib/angel/boardlib.s                 0x00000000   Number         0  boardinit2.o ABSOLUTE
    ../clib/angel/boardlib.s                 0x00000000   Number         0  boardinit3.o ABSOLUTE
    ../clib/angel/boardlib.s                 0x00000000   Number         0  boardinit1.o ABSOLUTE
    ../clib/angel/boardlib.s                 0x00000000   Number         0  boardshut.o ABSOLUTE
    ../clib/angel/handlers.s                 0x00000000   Number         0  __scatter_copy.o ABSOLUTE
    ../clib/angel/kernel.s                   0x00000000   Number         0  rtexit2.o ABSOLUTE
    ../clib/angel/kernel.s                   0x00000000   Number         0  rtexit.o ABSOLUTE
    ../clib/angel/kernel.s                   0x00000000   Number         0  __rtentry2.o ABSOLUTE
    ../clib/angel/kernel.s                   0x00000000   Number         0  __rtentry.o ABSOLUTE
    ../clib/angel/kernel.s                   0x00000000   Number         0  __rtentry4.o ABSOLUTE
    ../clib/angel/rt.s                       0x00000000   Number         0  rt_raise.o ABSOLUTE
    ../clib/angel/scatterp.s                 0x00000000   Number         0  __scatter.o ABSOLUTE
    ../clib/angel/startup.s                  0x00000000   Number         0  __main.o ABSOLUTE
    ../clib/angel/sys.s                      0x00000000   Number         0  tempstk.o ABSOLUTE
    ../clib/angel/sys.s                      0x00000000   Number         0  use_no_semi.o ABSOLUTE
    ../clib/angel/sys.s                      0x00000000   Number         0  libspace.o ABSOLUTE
    ../clib/angel/sys.s                      0x00000000   Number         0  sys_stackheap_outer.o ABSOLUTE
    ../clib/angel/sys.s                      0x00000000   Number         0  indicate_semi.o ABSOLUTE
    ../clib/angel/sysapp.c                   0x00000000   Number         0  sys_wrch.o ABSOLUTE
    ../clib/angel/sysapp.c                   0x00000000   Number         0  sys_command.o ABSOLUTE
    ../clib/angel/sysapp.c                   0x00000000   Number         0  sys_exit.o ABSOLUTE
    ../clib/armsys.c                         0x00000000   Number         0  _get_argv_nomalloc.o ABSOLUTE
    ../clib/armsys.c                         0x00000000   Number         0  argv_veneer.o ABSOLUTE
    ../clib/armsys.c                         0x00000000   Number         0  no_argv.o ABSOLUTE
    ../clib/heapalloc.c                      0x00000000   Number         0  hrguard.o ABSOLUTE
    ../clib/heapaux.c                        0x00000000   Number         0  heapauxi.o ABSOLUTE
    ../clib/libinit.s                        0x00000000   Number         0  libshutdown2.o ABSOLUTE
    ../clib/libinit.s                        0x00000000   Number         0  libinit.o ABSOLUTE
    ../clib/libinit.s                        0x00000000   Number         0  libinit2.o ABSOLUTE
    ../clib/libinit.s                        0x00000000   Number         0  libshutdown.o ABSOLUTE
    ../clib/memcpset.c                       0x00000000   Number         0  rt_memcpy.o ABSOLUTE
    ../clib/memcpset.c                       0x00000000   Number         0  rt_memclr.o ABSOLUTE
    ../clib/memcpset.c                       0x00000000   Number         0  rt_memcpy.o ABSOLUTE
    ../clib/signal.c                         0x00000000   Number         0  defsig_general.o ABSOLUTE
    ../clib/signal.c                         0x00000000   Number         0  __raise.o ABSOLUTE
    ../clib/signal.c                         0x00000000   Number         0  defsig_rtmem_inner.o ABSOLUTE
    ../clib/signal.c                         0x00000000   Number         0  defsig_segv_inner.o ABSOLUTE
    ../clib/signal.c                         0x00000000   Number         0  defsig_cppl_inner.o ABSOLUTE
    ../clib/signal.c                         0x00000000   Number         0  defsig_exit.o ABSOLUTE
    ../clib/signal.c                         0x00000000   Number         0  defsig_rtmem_outer.o ABSOLUTE
    ../clib/signal.c                         0x00000000   Number         0  defsig_rtmem_formal.o ABSOLUTE
    ../clib/signal.c                         0x00000000   Number         0  defsig_stak_inner.o ABSOLUTE
    ../clib/signal.c                         0x00000000   Number         0  defsig_abrt_inner.o ABSOLUTE
    ../clib/signal.c                         0x00000000   Number         0  defsig_fpe_inner.o ABSOLUTE
    ../clib/signal.c                         0x00000000   Number         0  defsig_rtred_inner.o ABSOLUTE
    ../clib/signal.c                         0x00000000   Number         0  defsig_pvfn_inner.o ABSOLUTE
    ../clib/signal.c                         0x00000000   Number         0  defsig_other.o ABSOLUTE
    ../clib/signal.s                         0x00000000   Number         0  defsig.o ABSOLUTE
    ../clib/stdlib.c                         0x00000000   Number         0  exit.o ABSOLUTE
    ../clib/string.c                         0x00000000   Number         0  strncpy.o ABSOLUTE
    ../clib/string.c                         0x00000000   Number         0  strlen.o ABSOLUTE
    ../fplib/cfplib/fpinit.c                 0x00000000   Number         0  fpinit.o ABSOLUTE
    ..\..\..\..\..\..\Source\app_common\app_fifo.c 0x00000000   Number         0  app_fifo.o ABSOLUTE
    ..\..\..\..\..\..\Source\app_common\app_gpiote.c 0x00000000   Number         0  app_gpiote.o ABSOLUTE
    ..\..\..\..\..\..\Source\app_common\app_timer.c 0x00000000   Number         0  app_timer.o ABSOLUTE
    ..\..\..\..\..\..\Source\ble\ble_advdata.c 0x00000000   Number         0  ble_advdata.o ABSOLUTE
    ..\..\..\..\..\..\Source\ble\ble_conn_params.c 0x00000000   Number         0  ble_conn_params.o ABSOLUTE
    ..\..\..\..\..\..\Source\ble\ble_debug_assert_handler.c 0x00000000   Number         0  ble_debug_assert_handler.o ABSOLUTE
    ..\..\..\..\..\..\Source\ble\ble_services\ble_srv_common.c 0x00000000   Number         0  ble_srv_common.o ABSOLUTE
    ..\..\..\..\..\..\Source\sd_common\softdevice_handler.c 0x00000000   Number         0  softdevice_handler.o ABSOLUTE
    ..\..\..\..\..\..\Source\simple_uart\simple_uart.c 0x00000000   Number         0  simple_uart.o ABSOLUTE
    ..\\..\\..\\..\\..\\..\\Source\\app_common\\app_gpiote.c 0x00000000   Number         0  app_gpiote.o ABSOLUTE
    ..\\..\\..\\..\\..\\..\\Source\\app_common\\app_timer.c 0x00000000   Number         0  app_timer.o ABSOLUTE
    ..\\..\\..\\..\\..\\..\\Source\\ble\\ble_debug_assert_handler.c 0x00000000   Number         0  ble_debug_assert_handler.o ABSOLUTE
    ..\\..\\..\\..\\..\\..\\Source\\sd_common\\softdevice_handler.c 0x00000000   Number         0  softdevice_handler.o ABSOLUTE
    ..\\..\\..\\..\\..\\..\\Source\\simple_uart\\simple_uart.c 0x00000000   Number         0  simple_uart.o ABSOLUTE
    ..\\app_uart_fifo_mod.c                  0x00000000   Number         0  app_uart_fifo_mod.o ABSOLUTE
    ..\\main.c                               0x00000000   Number         0  main.o ABSOLUTE
    ..\app_uart_fifo_mod.c                   0x00000000   Number         0  app_uart_fifo_mod.o ABSOLUTE
    ..\ble_nus.c                             0x00000000   Number         0  ble_nus.o ABSOLUTE
    ..\main.c                                0x00000000   Number         0  main.o ABSOLUTE
    RTE\Device\nRF51822_xxAA\arm_startup_nrf51.s 0x00000000   Number         0  arm_startup_nrf51.o ABSOLUTE
    RTE\Device\nRF51822_xxAA\system_nrf51.c  0x00000000   Number         0  system_nrf51.o ABSOLUTE
    RTE\\Device\\nRF51822_xxAA\\system_nrf51.c 0x00000000   Number         0  system_nrf51.o ABSOLUTE
    dc.s                                     0x00000000   Number         0  dc.o ABSOLUTE
    RESET                                    0x00016000   Section     1088  arm_startup_nrf51.o(RESET)
    !!!main                                  0x00016440   Section        8  __main.o(!!!main)
    !!!scatter                               0x00016448   Section       60  __scatter.o(!!!scatter)
    !!handler_copy                           0x00016484   Section       26  __scatter_copy.o(!!handler_copy)
    .ARM.Collect$$libinit$$00000000          0x0001649e   Section        2  libinit.o(.ARM.Collect$$libinit$$00000000)
    .ARM.Collect$$libinit$$00000002          0x000164a0   Section        0  libinit2.o(.ARM.Collect$$libinit$$00000002)
    .ARM.Collect$$libinit$$00000004          0x000164a0   Section        0  libinit2.o(.ARM.Collect$$libinit$$00000004)
    .ARM.Collect$$libinit$$0000000A          0x000164a0   Section        0  libinit2.o(.ARM.Collect$$libinit$$0000000A)
    .ARM.Collect$$libinit$$0000000C          0x000164a0   Section        0  libinit2.o(.ARM.Collect$$libinit$$0000000C)
    .ARM.Collect$$libinit$$0000000E          0x000164a0   Section        0  libinit2.o(.ARM.Collect$$libinit$$0000000E)
    .ARM.Collect$$libinit$$00000011          0x000164a0   Section        0  libinit2.o(.ARM.Collect$$libinit$$00000011)
    .ARM.Collect$$libinit$$00000013          0x000164a0   Section        0  libinit2.o(.ARM.Collect$$libinit$$00000013)
    .ARM.Collect$$libinit$$00000015          0x000164a0   Section        0  libinit2.o(.ARM.Collect$$libinit$$00000015)
    .ARM.Collect$$libinit$$00000017          0x000164a0   Section        0  libinit2.o(.ARM.Collect$$libinit$$00000017)
    .ARM.Collect$$libinit$$00000019          0x000164a0   Section        0  libinit2.o(.ARM.Collect$$libinit$$00000019)
    .ARM.Collect$$libinit$$0000001B          0x000164a0   Section        0  libinit2.o(.ARM.Collect$$libinit$$0000001B)
    .ARM.Collect$$libinit$$0000001D          0x000164a0   Section        0  libinit2.o(.ARM.Collect$$libinit$$0000001D)
    .ARM.Collect$$libinit$$0000001F          0x000164a0   Section        0  libinit2.o(.ARM.Collect$$libinit$$0000001F)
    .ARM.Collect$$libinit$$00000021          0x000164a0   Section        0  libinit2.o(.ARM.Collect$$libinit$$00000021)
    .ARM.Collect$$libinit$$00000023          0x000164a0   Section        0  libinit2.o(.ARM.Collect$$libinit$$00000023)
    .ARM.Collect$$libinit$$00000025          0x000164a0   Section        0  libinit2.o(.ARM.Collect$$libinit$$00000025)
    .ARM.Collect$$libinit$$0000002C          0x000164a0   Section        0  libinit2.o(.ARM.Collect$$libinit$$0000002C)
    .ARM.Collect$$libinit$$0000002E          0x000164a0   Section        0  libinit2.o(.ARM.Collect$$libinit$$0000002E)
    .ARM.Collect$$libinit$$00000030          0x000164a0   Section        0  libinit2.o(.ARM.Collect$$libinit$$00000030)
    .ARM.Collect$$libinit$$00000032          0x000164a0   Section        0  libinit2.o(.ARM.Collect$$libinit$$00000032)
    .ARM.Collect$$libinit$$00000033          0x000164a0   Section        2  libinit2.o(.ARM.Collect$$libinit$$00000033)
    .ARM.Collect$$libshutdown$$00000000      0x000164a2   Section        2  libshutdown.o(.ARM.Collect$$libshutdown$$00000000)
    .ARM.Collect$$libshutdown$$00000003      0x000164a4   Section        0  libshutdown2.o(.ARM.Collect$$libshutdown$$00000003)
    .ARM.Collect$$libshutdown$$00000006      0x000164a4   Section        0  libshutdown2.o(.ARM.Collect$$libshutdown$$00000006)
    .ARM.Collect$$libshutdown$$00000009      0x000164a4   Section        0  libshutdown2.o(.ARM.Collect$$libshutdown$$00000009)
    .ARM.Collect$$libshutdown$$0000000B      0x000164a4   Section        0  libshutdown2.o(.ARM.Collect$$libshutdown$$0000000B)
    .ARM.Collect$$libshutdown$$0000000E      0x000164a4   Section        0  libshutdown2.o(.ARM.Collect$$libshutdown$$0000000E)
    .ARM.Collect$$libshutdown$$0000000F      0x000164a4   Section        2  libshutdown2.o(.ARM.Collect$$libshutdown$$0000000F)
    .ARM.Collect$$rtentry$$00000000          0x000164a6   Section        0  __rtentry.o(.ARM.Collect$$rtentry$$00000000)
    .ARM.Collect$$rtentry$$00000002          0x000164a6   Section        0  __rtentry2.o(.ARM.Collect$$rtentry$$00000002)
    .ARM.Collect$$rtentry$$00000004          0x000164a6   Section        6  __rtentry4.o(.ARM.Collect$$rtentry$$00000004)
    .ARM.Collect$$rtentry$$00000009          0x000164ac   Section        0  __rtentry2.o(.ARM.Collect$$rtentry$$00000009)
    .ARM.Collect$$rtentry$$0000000A          0x000164ac   Section        4  __rtentry2.o(.ARM.Collect$$rtentry$$0000000A)
    .ARM.Collect$$rtentry$$0000000C          0x000164b0   Section        0  __rtentry2.o(.ARM.Collect$$rtentry$$0000000C)
    .ARM.Collect$$rtentry$$0000000D          0x000164b0   Section        8  __rtentry2.o(.ARM.Collect$$rtentry$$0000000D)
    .ARM.Collect$$rtexit$$00000000           0x000164b8   Section        2  rtexit.o(.ARM.Collect$$rtexit$$00000000)
    .ARM.Collect$$rtexit$$00000002           0x000164ba   Section        0  rtexit2.o(.ARM.Collect$$rtexit$$00000002)
    .ARM.Collect$$rtexit$$00000003           0x000164ba   Section        4  rtexit2.o(.ARM.Collect$$rtexit$$00000003)
    .ARM.Collect$$rtexit$$00000004           0x000164be   Section        6  rtexit2.o(.ARM.Collect$$rtexit$$00000004)
    .emb_text                                0x000164c4   Section       30  app_timer.o(.emb_text)
    .emb_text                                0x000164e4   Section       56  rt_memcpy.o(.emb_text)
    .text                                    0x0001651c   Section       84  arm_startup_nrf51.o(.text)
    .text                                    0x00016570   Section        0  system_nrf51.o(.text)
    is_disabled_in_debug_needed              0x00016579   Thumb Code    52  system_nrf51.o(.text)
    is_manual_peripheral_setup_needed        0x000165ad   Thumb Code   104  system_nrf51.o(.text)
    .text                                    0x00016658   Section        0  main.o(.text)
    nrf_gpio_cfg_sense_input                 0x00016659   Thumb Code    24  main.o(.text)
    leds_init                                0x00016695   Thumb Code    16  main.o(.text)
    timers_init                              0x000166a5   Thumb Code    46  main.o(.text)
    gap_params_init                          0x000166d3   Thumb Code   118  main.o(.text)
    advertising_init                         0x00016749   Thumb Code   102  main.o(.text)
    services_init                            0x000167cf   Thumb Code    46  main.o(.text)
    sec_params_init                          0x000167fd   Thumb Code    66  main.o(.text)
    on_conn_params_evt                       0x0001683f   Thumb Code    46  main.o(.text)
    conn_params_error_handler                0x0001686d   Thumb Code    16  main.o(.text)
    conn_params_init                         0x0001687d   Thumb Code    84  main.o(.text)
    advertising_start                        0x000168d1   Thumb Code    74  main.o(.text)
    on_ble_evt                               0x0001691b   Thumb Code   412  main.o(.text)
    ble_evt_dispatch                         0x00016ab7   Thumb Code    26  main.o(.text)
    ble_stack_init                           0x00016ad1   Thumb Code   114  main.o(.text)
    buttons_init                             0x00016b43   Thumb Code    14  main.o(.text)
    power_manage                             0x00016b51   Thumb Code    32  main.o(.text)
    uart_init                                0x00016bc3   Thumb Code    74  main.o(.text)
    nrf_gpio_cfg_output                      0x00016cf9   Thumb Code    18  main.o(.text)
    nrf_gpio_pin_set                         0x00016d0b   Thumb Code    10  main.o(.text)
    nrf_gpio_pin_clear                       0x00016d15   Thumb Code    10  main.o(.text)
    .text                                    0x00016d6c   Section        0  ble_nus.o(.text)
    on_connect                               0x00016d6d   Thumb Code     6  ble_nus.o(.text)
    on_disconnect                            0x00016d73   Thumb Code     8  ble_nus.o(.text)
    on_write                                 0x00016d7b   Thumb Code    84  ble_nus.o(.text)
    rx_char_add                              0x00016dcf   Thumb Code   292  ble_nus.o(.text)
    tx_char_add                              0x00016ef3   Thumb Code   222  ble_nus.o(.text)
    .text                                    0x000170f4   Section        0  ble_advdata.o(.text)
    name_encode                              0x000170f5   Thumb Code   150  ble_advdata.o(.text)
    appearance_encode                        0x0001718b   Thumb Code    74  ble_advdata.o(.text)
    uint8_array_encode                       0x000171d5   Thumb Code    82  ble_advdata.o(.text)
    tx_power_level_encode                    0x00017227   Thumb Code    48  ble_advdata.o(.text)
    uuid_list_sized_encode                   0x00017257   Thumb Code   196  ble_advdata.o(.text)
    uuid_list_encode                         0x0001731b   Thumb Code    64  ble_advdata.o(.text)
    conn_int_check                           0x0001735b   Thumb Code    88  ble_advdata.o(.text)
    conn_int_encode                          0x000173b3   Thumb Code    92  ble_advdata.o(.text)
    manuf_specific_data_encode               0x0001740f   Thumb Code   106  ble_advdata.o(.text)
    service_data_encode                      0x00017479   Thumb Code   140  ble_advdata.o(.text)
    adv_data_encode                          0x00017505   Thumb Code   302  ble_advdata.o(.text)
    advdata_check                            0x00017633   Thumb Code    34  ble_advdata.o(.text)
    srdata_check                             0x00017655   Thumb Code    16  ble_advdata.o(.text)
    uint16_encode                            0x000176df   Thumb Code    18  ble_advdata.o(.text)
    .text                                    0x000176f4   Section        0  ble_conn_params.o(.text)
    is_conn_params_ok                        0x000176f5   Thumb Code    30  ble_conn_params.o(.text)
    update_timeout_handler                   0x00017713   Thumb Code   136  ble_conn_params.o(.text)
    conn_params_negotiation                  0x00017801   Thumb Code   126  ble_conn_params.o(.text)
    on_connect                               0x0001787f   Thumb Code    42  ble_conn_params.o(.text)
    on_disconnect                            0x000178a9   Thumb Code    50  ble_conn_params.o(.text)
    on_write                                 0x000178db   Thumb Code    84  ble_conn_params.o(.text)
    on_conn_params_update                    0x0001792f   Thumb Code    20  ble_conn_params.o(.text)
    .text                                    0x000179fc   Section        0  softdevice_handler.o(.text)
    .text                                    0x00017bd0   Section        0  app_timer.o(.text)
    NVIC_SetPriority                         0x00017bd1   Thumb Code   110  app_timer.o(.text)
    rtc1_init                                0x00017c3f   Thumb Code    18  app_timer.o(.text)
    rtc1_start                               0x00017c51   Thumb Code    48  app_timer.o(.text)
    rtc1_stop                                0x00017c81   Thumb Code    68  app_timer.o(.text)
    timer_list_insert                        0x00017cc5   Thumb Code   212  app_timer.o(.text)
    timer_list_remove                        0x00017d99   Thumb Code   170  app_timer.o(.text)
    timer_timeouts_check_sched               0x00017e43   Thumb Code    10  app_timer.o(.text)
    timer_list_handler_sched                 0x00017e4d   Thumb Code    10  app_timer.o(.text)
    timeout_handler_exec                     0x00017e57   Thumb Code    60  app_timer.o(.text)
    timer_timeouts_check                     0x00017e93   Thumb Code   132  app_timer.o(.text)
    elapsed_ticks_acquire                    0x00017f17   Thumb Code    82  app_timer.o(.text)
    list_deletions_handler                   0x00017f69   Thumb Code   284  app_timer.o(.text)
    expired_timers_handler                   0x00018085   Thumb Code   100  app_timer.o(.text)
    list_insertions_handler                  0x000180e9   Thumb Code   264  app_timer.o(.text)
    compare_reg_update                       0x000181f1   Thumb Code   124  app_timer.o(.text)
    timer_list_handler                       0x0001826d   Thumb Code    70  app_timer.o(.text)
    user_op_enque                            0x000182b3   Thumb Code     4  app_timer.o(.text)
    user_op_alloc                            0x000182b7   Thumb Code    44  app_timer.o(.text)
    timer_start_op_schedule                  0x000182e3   Thumb Code    80  app_timer.o(.text)
    timer_stop_op_schedule                   0x00018333   Thumb Code    58  app_timer.o(.text)
    timer_stop_all_op_schedule               0x0001836d   Thumb Code    58  app_timer.o(.text)
    user_id_get                              0x00018537   Thumb Code    34  app_timer.o(.text)
    NVIC_EnableIRQ                           0x00018635   Thumb Code    14  app_timer.o(.text)
    NVIC_SetPendingIRQ                       0x00018643   Thumb Code    14  app_timer.o(.text)
    NVIC_ClearPendingIRQ                     0x00018651   Thumb Code    16  app_timer.o(.text)
    current_int_priority_get                 0x00018661   Thumb Code    84  app_timer.o(.text)
    rtc1_counter_get                         0x000186b5   Thumb Code     6  app_timer.o(.text)
    ticks_diff_get                           0x000186bb   Thumb Code    10  app_timer.o(.text)
    .text                                    0x000186f4   Section        0  app_gpiote.o(.text)
    sense_level_toggle                       0x000186f5   Thumb Code   128  app_gpiote.o(.text)
    pins_sense_disable                       0x00018813   Thumb Code    98  app_gpiote.o(.text)
    NVIC_SetPriority                         0x00018acb   Thumb Code   110  app_gpiote.o(.text)
    .text                                    0x00018b60   Section        0  app_fifo.o(.text)
    .text                                    0x00018be0   Section        0  app_uart_fifo_mod.o(.text)
    action_uart_deactivate                   0x00018be1   Thumb Code    22  app_uart_fifo_mod.o(.text)
    action_tx_send                           0x00018c13   Thumb Code    64  app_uart_fifo_mod.o(.text)
    action_tx_ready                          0x00018c53   Thumb Code    26  app_uart_fifo_mod.o(.text)
    on_cts_high                              0x00018c6d   Thumb Code    36  app_uart_fifo_mod.o(.text)
    on_cts_low                               0x00018c91   Thumb Code    68  app_uart_fifo_mod.o(.text)
    on_tx_ready                              0x00018cd5   Thumb Code    38  app_uart_fifo_mod.o(.text)
    on_uart_put                              0x00018cfb   Thumb Code    16  app_uart_fifo_mod.o(.text)
    on_uart_close                            0x00018d0b   Thumb Code     8  app_uart_fifo_mod.o(.text)
    on_uart_event                            0x00018d13   Thumb Code    54  app_uart_fifo_mod.o(.text)
    gpiote_uart_event_handler                0x00018d49   Thumb Code    90  app_uart_fifo_mod.o(.text)
    uart_no_flow_control_init                0x00018e4d   Thumb Code    50  app_uart_fifo_mod.o(.text)
    uart_standard_flow_control_init          0x00018e7f   Thumb Code    50  app_uart_fifo_mod.o(.text)
    NVIC_EnableIRQ                           0x000191a5   Thumb Code    16  app_uart_fifo_mod.o(.text)
    NVIC_SetPriority                         0x000191b5   Thumb Code   114  app_uart_fifo_mod.o(.text)
    nrf_gpio_cfg_output                      0x00019227   Thumb Code    18  app_uart_fifo_mod.o(.text)
    .text                                    0x00019264   Section        0  strlen.o(.text)
    .text                                    0x000192a8   Section        0  rt_memcpy.o(.text)
    .text                                    0x0001932a   Section        0  rt_memclr.o(.text)
    .text                                    0x0001936a   Section        0  heapauxi.o(.text)
    .text                                    0x00019370   Section       62  sys_stackheap_outer.o(.text)
    .text                                    0x000193ae   Section        0  exit.o(.text)
    .text                                    0x000193bc   Section        8  libspace.o(.text)
    .text                                    0x000193c4   Section        0  sys_exit.o(.text)
    .text                                    0x000193d0   Section        2  use_no_semi.o(.text)
    .text                                    0x000193d2   Section        0  indicate_semi.o(.text)
    i.__ARM_common_switch8                   0x000193d2   Section        0  app_uart_fifo_mod.o(i.__ARM_common_switch8)
    .constdata                               0x000193f0   Section       16  main.o(.constdata)
    comm_params                              0x000193f0   Data          12  main.o(.constdata)
    .constdata                               0x00019400   Section       16  ble_nus.o(.constdata)
    .data                                    0x20002000   Section        4  system_nrf51.o(.data)
    __tagsym$$used                           0x20002000   Number         0  system_nrf51.o(.data)
    .data                                    0x20002004   Section       11  main.o(.data)
    m_sec_params                             0x20002004   Data           6  main.o(.data)
    m_conn_handle                            0x2000200a   Data           2  main.o(.data)
    ble_buffer_available                     0x2000200c   Data           1  main.o(.data)
    tx_complete                              0x2000200d   Data           1  main.o(.data)
    index                                    0x2000200e   Data           1  main.o(.data)
    .data                                    0x20002010   Section       25  ble_conn_params.o(.data)
    m_preferred_conn_params                  0x20002010   Data           8  ble_conn_params.o(.data)
    m_update_count                           0x20002018   Data           1  ble_conn_params.o(.data)
    m_conn_handle                            0x2000201a   Data           2  ble_conn_params.o(.data)
    m_current_conn_params                    0x2000201c   Data           8  ble_conn_params.o(.data)
    m_conn_params_timer_id                   0x20002024   Data           4  ble_conn_params.o(.data)
    m_change_param                           0x20002028   Data           1  ble_conn_params.o(.data)
    .data                                    0x2000202c   Section       20  softdevice_handler.o(.data)
    m_evt_schedule_func                      0x2000202c   Data           4  softdevice_handler.o(.data)
    m_evt_buffer                             0x20002030   Data           4  softdevice_handler.o(.data)
    m_ble_evt_buffer_size                    0x20002034   Data           2  softdevice_handler.o(.data)
    m_softdevice_enabled                     0x20002036   Data           1  softdevice_handler.o(.data)
    m_ble_evt_handler                        0x20002038   Data           4  softdevice_handler.o(.data)
    m_sys_evt_handler                        0x2000203c   Data           4  softdevice_handler.o(.data)
    .data                                    0x20002040   Section       41  app_timer.o(.data)
    m_node_array_size                        0x20002040   Data           1  app_timer.o(.data)
    mp_nodes                                 0x20002044   Data           4  app_timer.o(.data)
    m_user_array_size                        0x20002048   Data           1  app_timer.o(.data)
    mp_users                                 0x2000204c   Data           4  app_timer.o(.data)
    m_timer_id_head                          0x20002050   Data           4  app_timer.o(.data)
    m_ticks_latest                           0x20002054   Data           4  app_timer.o(.data)
    m_ticks_elapsed                          0x20002058   Data           8  app_timer.o(.data)
    m_ticks_elapsed_q_read_ind               0x20002060   Data           1  app_timer.o(.data)
    m_ticks_elapsed_q_write_ind              0x20002061   Data           1  app_timer.o(.data)
    m_evt_schedule_func                      0x20002064   Data           4  app_timer.o(.data)
    m_rtc1_running                           0x20002068   Data           1  app_timer.o(.data)
    .data                                    0x2000206c   Section       12  app_gpiote.o(.data)
    m_enabled_users_mask                     0x2000206c   Data           4  app_gpiote.o(.data)
    m_user_array_size                        0x20002070   Data           1  app_gpiote.o(.data)
    m_user_count                             0x20002071   Data           1  app_gpiote.o(.data)
    mp_users                                 0x20002074   Data           4  app_gpiote.o(.data)
    .data                                    0x20002078   Section       14  app_uart_fifo_mod.o(.data)
    m_instance_counter                       0x20002078   Data           1  app_uart_fifo_mod.o(.data)
    m_gpiote_uid                             0x20002079   Data           1  app_uart_fifo_mod.o(.data)
    m_pin_cts_mask                           0x2000207c   Data           4  app_uart_fifo_mod.o(.data)
    m_event_handler                          0x20002080   Data           4  app_uart_fifo_mod.o(.data)
    m_current_state                          0x20002084   Data           1  app_uart_fifo_mod.o(.data)
    rx_fifo_overflow                         0x20002085   Data           1  app_uart_fifo_mod.o(.data)
    .bss                                     0x20002088   Section      780  main.o(.bss)
    m_nus                                    0x20002088   Data          28  main.o(.bss)
    APP_TIMER_BUF                            0x200020a4   Data         536  main.o(.bss)
    m_auth_status                            0x200022bc   Data          50  main.o(.bss)
    EVT_BUFFER                               0x200022f0   Data          80  main.o(.bss)
    rx_buf                                   0x20002340   Data          32  main.o(.bss)
    tx_buf                                   0x20002360   Data          32  main.o(.bss)
    data_array                               0x20002380   Data          20  main.o(.bss)
    .bss                                     0x20002394   Section       28  ble_conn_params.o(.bss)
    m_conn_params_config                     0x20002394   Data          28  ble_conn_params.o(.bss)
    .bss                                     0x200023b0   Section       32  app_uart_fifo_mod.o(.bss)
    m_rx_fifo                                0x200023b0   Data          16  app_uart_fifo_mod.o(.bss)
    m_tx_fifo                                0x200023c0   Data          16  app_uart_fifo_mod.o(.bss)
    .bss                                     0x200023d0   Section       96  libspace.o(.bss)
    HEAP                                     0x20002430   Section     2048  arm_startup_nrf51.o(HEAP)
    Heap_Mem                                 0x20002430   Data        2048  arm_startup_nrf51.o(HEAP)
    STACK                                    0x20002c30   Section     2048  arm_startup_nrf51.o(STACK)
    Stack_Mem                                0x20002c30   Data        2048  arm_startup_nrf51.o(STACK)
    __initial_sp                             0x20003430   Data           0  arm_startup_nrf51.o(STACK)

    Global Symbols

    Symbol Name                              Value     Ov Type        Size  Object(Section)

    BuildAttributes$$THM_ISAv3M$S$PE$A:L22$X:L11$S22$IEEE1$IW$USESV6$~STKCKD$USESV7$~SHL$OSPACE$ROPI$EBA8$UX$STANDARDLIB$REQ8$PRES8$EABIv2 0x00000000   Number         0  anon$$obj.o ABSOLUTE
    __ARM_use_no_argv                        0x00000000   Number         0  main.o ABSOLUTE
    __ARM_exceptions_init                     - Undefined Weak Reference
    __alloca_initialize                       - Undefined Weak Reference
    __arm_preinit_                            - Undefined Weak Reference
    __cpp_initialize__aeabi_                  - Undefined Weak Reference
    __cxa_finalize                            - Undefined Weak Reference
    __rt_locale                               - Undefined Weak Reference
    __sigvec_lookup                           - Undefined Weak Reference
    _atexit_init                              - Undefined Weak Reference
    _call_atexit_fns                          - Undefined Weak Reference
    _clock_init                               - Undefined Weak Reference
    _fp_trap_init                             - Undefined Weak Reference
    _fp_trap_shutdown                         - Undefined Weak Reference
    _get_lc_collate                           - Undefined Weak Reference
    _get_lc_ctype                             - Undefined Weak Reference
    _get_lc_monetary                          - Undefined Weak Reference
    _get_lc_numeric                           - Undefined Weak Reference
    _get_lc_time                              - Undefined Weak Reference
    _getenv_init                              - Undefined Weak Reference
    _handle_redirection                       - Undefined Weak Reference
    _init_alloc                               - Undefined Weak Reference
    _init_user_alloc                          - Undefined Weak Reference
    _initio                                   - Undefined Weak Reference
    _rand_init                                - Undefined Weak Reference
    _signal_finish                            - Undefined Weak Reference
    _signal_init                              - Undefined Weak Reference
    _terminate_alloc                          - Undefined Weak Reference
    _terminate_user_alloc                     - Undefined Weak Reference
    _terminateio                              - Undefined Weak Reference
    __Vectors_Size                           0x00000440   Number         0  arm_startup_nrf51.o ABSOLUTE
    __Vectors                                0x00016000   Data           4  arm_startup_nrf51.o(RESET)
    __Vectors_End                            0x00016440   Data           0  arm_startup_nrf51.o(RESET)
    __main                                   0x00016441   Thumb Code     8  __main.o(!!!main)
    __scatterload                            0x00016449   Thumb Code     0  __scatter.o(!!!scatter)
    __scatterload_rt2                        0x00016449   Thumb Code    52  __scatter.o(!!!scatter)
    __scatterload_rt2_thumb_only             0x00016449   Thumb Code     0  __scatter.o(!!!scatter)
    __scatterload_null                       0x00016459   Thumb Code     0  __scatter.o(!!!scatter)
    __scatterload_copy                       0x00016485   Thumb Code    26  __scatter_copy.o(!!handler_copy)
    __rt_lib_init                            0x0001649f   Thumb Code     0  libinit.o(.ARM.Collect$$libinit$$00000000)
    __rt_lib_init_alloca_1                   0x000164a1   Thumb Code     0  libinit2.o(.ARM.Collect$$libinit$$0000002E)
    __rt_lib_init_argv_1                     0x000164a1   Thumb Code     0  libinit2.o(.ARM.Collect$$libinit$$0000002C)
    __rt_lib_init_atexit_1                   0x000164a1   Thumb Code     0  libinit2.o(.ARM.Collect$$libinit$$0000001B)
    __rt_lib_init_clock_1                    0x000164a1   Thumb Code     0  libinit2.o(.ARM.Collect$$libinit$$00000021)
    __rt_lib_init_cpp_1                      0x000164a1   Thumb Code     0  libinit2.o(.ARM.Collect$$libinit$$00000032)
    __rt_lib_init_exceptions_1               0x000164a1   Thumb Code     0  libinit2.o(.ARM.Collect$$libinit$$00000030)
    __rt_lib_init_fp_1                       0x000164a1   Thumb Code     0  libinit2.o(.ARM.Collect$$libinit$$00000002)
    __rt_lib_init_fp_trap_1                  0x000164a1   Thumb Code     0  libinit2.o(.ARM.Collect$$libinit$$0000001F)
    __rt_lib_init_getenv_1                   0x000164a1   Thumb Code     0  libinit2.o(.ARM.Collect$$libinit$$00000023)
    __rt_lib_init_heap_1                     0x000164a1   Thumb Code     0  libinit2.o(.ARM.Collect$$libinit$$0000000A)
    __rt_lib_init_lc_collate_1               0x000164a1   Thumb Code     0  libinit2.o(.ARM.Collect$$libinit$$00000011)
    __rt_lib_init_lc_ctype_1                 0x000164a1   Thumb Code     0  libinit2.o(.ARM.Collect$$libinit$$00000013)
    __rt_lib_init_lc_monetary_1              0x000164a1   Thumb Code     0  libinit2.o(.ARM.Collect$$libinit$$00000015)
    __rt_lib_init_lc_numeric_1               0x000164a1   Thumb Code     0  libinit2.o(.ARM.Collect$$libinit$$00000017)
    __rt_lib_init_lc_time_1                  0x000164a1   Thumb Code     0  libinit2.o(.ARM.Collect$$libinit$$00000019)
    __rt_lib_init_preinit_1                  0x000164a1   Thumb Code     0  libinit2.o(.ARM.Collect$$libinit$$00000004)
    __rt_lib_init_rand_1                     0x000164a1   Thumb Code     0  libinit2.o(.ARM.Collect$$libinit$$0000000E)
    __rt_lib_init_return                     0x000164a1   Thumb Code     0  libinit2.o(.ARM.Collect$$libinit$$00000033)
    __rt_lib_init_signal_1                   0x000164a1   Thumb Code     0  libinit2.o(.ARM.Collect$$libinit$$0000001D)
    __rt_lib_init_stdio_1                    0x000164a1   Thumb Code     0  libinit2.o(.ARM.Collect$$libinit$$00000025)
    __rt_lib_init_user_alloc_1               0x000164a1   Thumb Code     0  libinit2.o(.ARM.Collect$$libinit$$0000000C)
    __rt_lib_shutdown                        0x000164a3   Thumb Code     0  libshutdown.o(.ARM.Collect$$libshutdown$$00000000)
    __rt_lib_shutdown_fp_trap_1              0x000164a5   Thumb Code     0  libshutdown2.o(.ARM.Collect$$libshutdown$$00000006)
    __rt_lib_shutdown_heap_1                 0x000164a5   Thumb Code     0  libshutdown2.o(.ARM.Collect$$libshutdown$$0000000E)
    __rt_lib_shutdown_return                 0x000164a5   Thumb Code     0  libshutdown2.o(.ARM.Collect$$libshutdown$$0000000F)
    __rt_lib_shutdown_signal_1               0x000164a5   Thumb Code     0  libshutdown2.o(.ARM.Collect$$libshutdown$$00000009)
    __rt_lib_shutdown_stdio_1                0x000164a5   Thumb Code     0  libshutdown2.o(.ARM.Collect$$libshutdown$$00000003)
    __rt_lib_shutdown_user_alloc_1           0x000164a5   Thumb Code     0  libshutdown2.o(.ARM.Collect$$libshutdown$$0000000B)
    __rt_entry                               0x000164a7   Thumb Code     0  __rtentry.o(.ARM.Collect$$rtentry$$00000000)
    __rt_entry_presh_1                       0x000164a7   Thumb Code     0  __rtentry2.o(.ARM.Collect$$rtentry$$00000002)
    __rt_entry_sh                            0x000164a7   Thumb Code     0  __rtentry4.o(.ARM.Collect$$rtentry$$00000004)
    __rt_entry_li                            0x000164ad   Thumb Code     0  __rtentry2.o(.ARM.Collect$$rtentry$$0000000A)
    __rt_entry_postsh_1                      0x000164ad   Thumb Code     0  __rtentry2.o(.ARM.Collect$$rtentry$$00000009)
    __rt_entry_main                          0x000164b1   Thumb Code     0  __rtentry2.o(.ARM.Collect$$rtentry$$0000000D)
    __rt_entry_postli_1                      0x000164b1   Thumb Code     0  __rtentry2.o(.ARM.Collect$$rtentry$$0000000C)
    __rt_exit                                0x000164b9   Thumb Code     0  rtexit.o(.ARM.Collect$$rtexit$$00000000)
    __rt_exit_ls                             0x000164bb   Thumb Code     0  rtexit2.o(.ARM.Collect$$rtexit$$00000003)
    __rt_exit_prels_1                        0x000164bb   Thumb Code     0  rtexit2.o(.ARM.Collect$$rtexit$$00000002)
    __rt_exit_exit                           0x000164bf   Thumb Code     0  rtexit2.o(.ARM.Collect$$rtexit$$00000004)
    __asm___11_app_timer_c_cd27f9c3__nrf_delay_us 0x000164c5   Thumb Code    30  app_timer.o(.emb_text)
    __aeabi_memcpy4                          0x000164e5   Thumb Code    56  rt_memcpy.o(.emb_text)
    __aeabi_memcpy8                          0x000164e5   Thumb Code     0  rt_memcpy.o(.emb_text)
    Reset_Handler                            0x0001651d   Thumb Code    26  arm_startup_nrf51.o(.text)
    NMI_Handler                              0x00016537   Thumb Code     2  arm_startup_nrf51.o(.text)
    HardFault_Handler                        0x00016539   Thumb Code     2  arm_startup_nrf51.o(.text)
    SVC_Handler                              0x0001653b   Thumb Code     2  arm_startup_nrf51.o(.text)
    PendSV_Handler                           0x0001653d   Thumb Code     2  arm_startup_nrf51.o(.text)
    SysTick_Handler                          0x0001653f   Thumb Code     2  arm_startup_nrf51.o(.text)
    ADC_IRQHandler                           0x00016541   Thumb Code     0  arm_startup_nrf51.o(.text)
    CCM_AAR_IRQHandler                       0x00016541   Thumb Code     0  arm_startup_nrf51.o(.text)
    ECB_IRQHandler                           0x00016541   Thumb Code     0  arm_startup_nrf51.o(.text)
    LPCOMP_IRQHandler                        0x00016541   Thumb Code     0  arm_startup_nrf51.o(.text)
    POWER_CLOCK_IRQHandler                   0x00016541   Thumb Code     0  arm_startup_nrf51.o(.text)
    QDEC_IRQHandler                          0x00016541   Thumb Code     0  arm_startup_nrf51.o(.text)
    RADIO_IRQHandler                         0x00016541   Thumb Code     0  arm_startup_nrf51.o(.text)
    RNG_IRQHandler                           0x00016541   Thumb Code     0  arm_startup_nrf51.o(.text)
    RTC0_IRQHandler                          0x00016541   Thumb Code     0  arm_startup_nrf51.o(.text)
    SPI0_TWI0_IRQHandler                     0x00016541   Thumb Code     0  arm_startup_nrf51.o(.text)
    SPI1_TWI1_IRQHandler                     0x00016541   Thumb Code     0  arm_startup_nrf51.o(.text)
    SWI1_IRQHandler                          0x00016541   Thumb Code     0  arm_startup_nrf51.o(.text)
    SWI3_IRQHandler                          0x00016541   Thumb Code     0  arm_startup_nrf51.o(.text)
    SWI4_IRQHandler                          0x00016541   Thumb Code     0  arm_startup_nrf51.o(.text)
    SWI5_IRQHandler                          0x00016541   Thumb Code     0  arm_startup_nrf51.o(.text)
    TEMP_IRQHandler                          0x00016541   Thumb Code     0  arm_startup_nrf51.o(.text)
    TIMER0_IRQHandler                        0x00016541   Thumb Code     0  arm_startup_nrf51.o(.text)
    TIMER1_IRQHandler                        0x00016541   Thumb Code     0  arm_startup_nrf51.o(.text)
    TIMER2_IRQHandler                        0x00016541   Thumb Code     0  arm_startup_nrf51.o(.text)
    WDT_IRQHandler                           0x00016541   Thumb Code     0  arm_startup_nrf51.o(.text)
    __user_initial_stackheap                 0x00016545   Thumb Code     0  arm_startup_nrf51.o(.text)
    SystemCoreClockUpdate                    0x00016571   Thumb Code     8  system_nrf51.o(.text)
    SystemInit                               0x00016615   Thumb Code    38  system_nrf51.o(.text)
    app_error_handler                        0x00016671   Thumb Code    22  main.o(.text)
    assert_nrf_callback                      0x00016687   Thumb Code    14  main.o(.text)
    nus_data_handler                         0x000167af   Thumb Code    32  main.o(.text)
    uart_putstring                           0x00016b71   Thumb Code    56  main.o(.text)
    uart_evt_callback                        0x00016ba9   Thumb Code    26  main.o(.text)
    ble_attempt_to_send                      0x00016c0d   Thumb Code    60  main.o(.text)
    main                                     0x00016c49   Thumb Code   176  main.o(.text)
    ble_nus_on_ble_evt                       0x00016fd1   Thumb Code    70  ble_nus.o(.text)
    ble_nus_init                             0x00017017   Thumb Code   128  ble_nus.o(.text)
    ble_nus_send_string                      0x00017097   Thumb Code    84  ble_nus.o(.text)
    ble_advdata_set                          0x00017665   Thumb Code   122  ble_advdata.o(.text)
    ble_conn_params_init                     0x0001779b   Thumb Code    90  ble_conn_params.o(.text)
    ble_conn_params_stop                     0x000177f5   Thumb Code    12  ble_conn_params.o(.text)
    ble_conn_params_on_ble_evt               0x00017943   Thumb Code    62  ble_conn_params.o(.text)
    ble_conn_params_change_conn_params       0x00017981   Thumb Code    86  ble_conn_params.o(.text)
    softdevice_assertion_handler             0x000179fd   Thumb Code    18  softdevice_handler.o(.text)
    intern_softdevice_events_execute         0x00017a0f   Thumb Code   168  softdevice_handler.o(.text)
    softdevice_handler_init                  0x00017ab7   Thumb Code    84  softdevice_handler.o(.text)
    softdevice_handler_sd_disable            0x00017b0b   Thumb Code    24  softdevice_handler.o(.text)
    softdevice_ble_evt_handler_set           0x00017b23   Thumb Code    18  softdevice_handler.o(.text)
    softdevice_sys_evt_handler_set           0x00017b35   Thumb Code    18  softdevice_handler.o(.text)
    SWI2_IRQHandler                          0x00017b47   Thumb Code    52  softdevice_handler.o(.text)
    RTC1_IRQHandler                          0x000183a7   Thumb Code    34  app_timer.o(.text)
    SWI0_IRQHandler                          0x000183c9   Thumb Code     8  app_timer.o(.text)
    app_timer_init                           0x000183d1   Thumb Code   250  app_timer.o(.text)
    app_timer_create                         0x000184cb   Thumb Code   108  app_timer.o(.text)
    app_timer_start                          0x00018559   Thumb Code    98  app_timer.o(.text)
    app_timer_stop                           0x000185bb   Thumb Code    60  app_timer.o(.text)
    app_timer_stop_all                       0x000185f7   Thumb Code    26  app_timer.o(.text)
    app_timer_cnt_get                        0x00018611   Thumb Code    14  app_timer.o(.text)
    app_timer_cnt_diff_compute               0x0001861f   Thumb Code    22  app_timer.o(.text)
    GPIOTE_IRQHandler                        0x00018775   Thumb Code   158  app_gpiote.o(.text)
    app_gpiote_init                          0x00018875   Thumb Code   116  app_gpiote.o(.text)
    app_gpiote_user_register                 0x000188e9   Thumb Code   138  app_gpiote.o(.text)
    app_gpiote_user_enable                   0x00018973   Thumb Code   226  app_gpiote.o(.text)
    app_gpiote_user_disable                  0x00018a55   Thumb Code    66  app_gpiote.o(.text)
    app_gpiote_pins_state_get                0x00018a97   Thumb Code    52  app_gpiote.o(.text)
    app_fifo_init                            0x00018b61   Thumb Code    42  app_fifo.o(.text)
    app_fifo_put                             0x00018b8b   Thumb Code    38  app_fifo.o(.text)
    app_fifo_get                             0x00018bb1   Thumb Code    36  app_fifo.o(.text)
    app_fifo_flush                           0x00018bd5   Thumb Code    10  app_fifo.o(.text)
    action_tx_stop                           0x00018bf7   Thumb Code    28  app_uart_fifo_mod.o(.text)
    UART0_IRQHandler                         0x00018da3   Thumb Code   170  app_uart_fifo_mod.o(.text)
    app_uart_init                            0x00018eb1   Thumb Code   560  app_uart_fifo_mod.o(.text)
    app_uart_get                             0x000190e1   Thumb Code    62  app_uart_fifo_mod.o(.text)
    app_uart_put                             0x0001911f   Thumb Code    24  app_uart_fifo_mod.o(.text)
    app_uart_flush                           0x00019137   Thumb Code    38  app_uart_fifo_mod.o(.text)
    app_uart_get_connection_state            0x0001915d   Thumb Code    22  app_uart_fifo_mod.o(.text)
    app_uart_close                           0x00019173   Thumb Code    50  app_uart_fifo_mod.o(.text)
    strlen                                   0x00019265   Thumb Code    62  strlen.o(.text)
    __aeabi_memcpy                           0x000192a9   Thumb Code   130  rt_memcpy.o(.text)
    __rt_memcpy                              0x000192a9   Thumb Code     0  rt_memcpy.o(.text)
    _memset_w                                0x0001932b   Thumb Code    26  rt_memclr.o(.text)
    _memset                                  0x00019345   Thumb Code    30  rt_memclr.o(.text)
    __aeabi_memclr                           0x00019363   Thumb Code     4  rt_memclr.o(.text)
    __rt_memclr                              0x00019363   Thumb Code     0  rt_memclr.o(.text)
    __aeabi_memclr4                          0x00019367   Thumb Code     0  rt_memclr.o(.text)
    __aeabi_memclr8                          0x00019367   Thumb Code     0  rt_memclr.o(.text)
    __rt_memclr_w                            0x00019367   Thumb Code     4  rt_memclr.o(.text)
    __use_two_region_memory                  0x0001936b   Thumb Code     2  heapauxi.o(.text)
    __rt_heap_escrow$2region                 0x0001936d   Thumb Code     2  heapauxi.o(.text)
    __rt_heap_expand$2region                 0x0001936f   Thumb Code     2  heapauxi.o(.text)
    __user_setup_stackheap                   0x00019371   Thumb Code    62  sys_stackheap_outer.o(.text)
    exit                                     0x000193af   Thumb Code    12  exit.o(.text)
    __user_libspace                          0x000193bd   Thumb Code     8  libspace.o(.text)
    __user_perproc_libspace                  0x000193bd   Thumb Code     0  libspace.o(.text)
    __user_perthread_libspace                0x000193bd   Thumb Code     0  libspace.o(.text)
    _sys_exit                                0x000193c5   Thumb Code     8  sys_exit.o(.text)
    __I$use$semihosting                      0x000193d1   Thumb Code     0  use_no_semi.o(.text)
    __use_no_semihosting_swi                 0x000193d1   Thumb Code     2  use_no_semi.o(.text)
    __ARM_common_switch8                     0x000193d3   Thumb Code    28  app_uart_fifo_mod.o(i.__ARM_common_switch8)
    __semihosting_library_function           0x000193d3   Thumb Code     0  indicate_semi.o(.text)
    Region$$Table$$Base                      0x00019410   Number         0  anon$$obj.o(Region$$Table)
    Region$$Table$$Limit                     0x00019420   Number         0  anon$$obj.o(Region$$Table)
    SystemCoreClock                          0x20002000   Data           4  system_nrf51.o(.data)
    __libspace_start                         0x200023d0   Data          96  libspace.o(.bss)
    __temporary_stack_top$libspace           0x20002430   Data           0  libspace.o(.bss)



==============================================================================

Memory Map of the image

  Image Entry point : 0x00016441

  Load Region LR_IROM1 (Base: 0x00016000, Size: 0x000034a8, Max: 0x00029000, ABSOLUTE)

    Execution Region ER_IROM1 (Base: 0x00016000, Size: 0x00003420, Max: 0x00029000, ABSOLUTE)

    Base Addr    Size         Type   Attr      Idx    E Section Name        Object

    0x00016000   0x00000440   Data   RO            3    RESET               arm_startup_nrf51.o
    0x00016440   0x00000008   Code   RO          659  * !!!main             c_p.l(__main.o)
    0x00016448   0x0000003c   Code   RO          817    !!!scatter          c_p.l(__scatter.o)
    0x00016484   0x0000001a   Code   RO          819    !!handler_copy      c_p.l(__scatter_copy.o)
    0x0001649e   0x00000002   Code   RO          687    .ARM.Collect$$libinit$$00000000  c_p.l(libinit.o)
    0x000164a0   0x00000000   Code   RO          695    .ARM.Collect$$libinit$$00000002  c_p.l(libinit2.o)
    0x000164a0   0x00000000   Code   RO          697    .ARM.Collect$$libinit$$00000004  c_p.l(libinit2.o)
    0x000164a0   0x00000000   Code   RO          700    .ARM.Collect$$libinit$$0000000A  c_p.l(libinit2.o)
    0x000164a0   0x00000000   Code   RO          702    .ARM.Collect$$libinit$$0000000C  c_p.l(libinit2.o)
    0x000164a0   0x00000000   Code   RO          704    .ARM.Collect$$libinit$$0000000E  c_p.l(libinit2.o)
    0x000164a0   0x00000000   Code   RO          707    .ARM.Collect$$libinit$$00000011  c_p.l(libinit2.o)
    0x000164a0   0x00000000   Code   RO          709    .ARM.Collect$$libinit$$00000013  c_p.l(libinit2.o)
    0x000164a0   0x00000000   Code   RO          711    .ARM.Collect$$libinit$$00000015  c_p.l(libinit2.o)
    0x000164a0   0x00000000   Code   RO          713    .ARM.Collect$$libinit$$00000017  c_p.l(libinit2.o)
    0x000164a0   0x00000000   Code   RO          715    .ARM.Collect$$libinit$$00000019  c_p.l(libinit2.o)
    0x000164a0   0x00000000   Code   RO          717    .ARM.Collect$$libinit$$0000001B  c_p.l(libinit2.o)
    0x000164a0   0x00000000   Code   RO          719    .ARM.Collect$$libinit$$0000001D  c_p.l(libinit2.o)
    0x000164a0   0x00000000   Code   RO          721    .ARM.Collect$$libinit$$0000001F  c_p.l(libinit2.o)
    0x000164a0   0x00000000   Code   RO          723    .ARM.Collect$$libinit$$00000021  c_p.l(libinit2.o)
    0x000164a0   0x00000000   Code   RO          725    .ARM.Collect$$libinit$$00000023  c_p.l(libinit2.o)
    0x000164a0   0x00000000   Code   RO          727    .ARM.Collect$$libinit$$00000025  c_p.l(libinit2.o)
    0x000164a0   0x00000000   Code   RO          731    .ARM.Collect$$libinit$$0000002C  c_p.l(libinit2.o)
    0x000164a0   0x00000000   Code   RO          733    .ARM.Collect$$libinit$$0000002E  c_p.l(libinit2.o)
    0x000164a0   0x00000000   Code   RO          735    .ARM.Collect$$libinit$$00000030  c_p.l(libinit2.o)
    0x000164a0   0x00000000   Code   RO          737    .ARM.Collect$$libinit$$00000032  c_p.l(libinit2.o)
    0x000164a0   0x00000002   Code   RO          738    .ARM.Collect$$libinit$$00000033  c_p.l(libinit2.o)
    0x000164a2   0x00000002   Code   RO          758    .ARM.Collect$$libshutdown$$00000000  c_p.l(libshutdown.o)
    0x000164a4   0x00000000   Code   RO          772    .ARM.Collect$$libshutdown$$00000003  c_p.l(libshutdown2.o)
    0x000164a4   0x00000000   Code   RO          775    .ARM.Collect$$libshutdown$$00000006  c_p.l(libshutdown2.o)
    0x000164a4   0x00000000   Code   RO          778    .ARM.Collect$$libshutdown$$00000009  c_p.l(libshutdown2.o)
    0x000164a4   0x00000000   Code   RO          780    .ARM.Collect$$libshutdown$$0000000B  c_p.l(libshutdown2.o)
    0x000164a4   0x00000000   Code   RO          783    .ARM.Collect$$libshutdown$$0000000E  c_p.l(libshutdown2.o)
    0x000164a4   0x00000002   Code   RO          784    .ARM.Collect$$libshutdown$$0000000F  c_p.l(libshutdown2.o)
    0x000164a6   0x00000000   Code   RO          661    .ARM.Collect$$rtentry$$00000000  c_p.l(__rtentry.o)
    0x000164a6   0x00000000   Code   RO          663    .ARM.Collect$$rtentry$$00000002  c_p.l(__rtentry2.o)
    0x000164a6   0x00000006   Code   RO          675    .ARM.Collect$$rtentry$$00000004  c_p.l(__rtentry4.o)
    0x000164ac   0x00000000   Code   RO          665    .ARM.Collect$$rtentry$$00000009  c_p.l(__rtentry2.o)
    0x000164ac   0x00000004   Code   RO          666    .ARM.Collect$$rtentry$$0000000A  c_p.l(__rtentry2.o)
    0x000164b0   0x00000000   Code   RO          668    .ARM.Collect$$rtentry$$0000000C  c_p.l(__rtentry2.o)
    0x000164b0   0x00000008   Code   RO          669    .ARM.Collect$$rtentry$$0000000D  c_p.l(__rtentry2.o)
    0x000164b8   0x00000002   Code   RO          692    .ARM.Collect$$rtexit$$00000000  c_p.l(rtexit.o)
    0x000164ba   0x00000000   Code   RO          740    .ARM.Collect$$rtexit$$00000002  c_p.l(rtexit2.o)
    0x000164ba   0x00000004   Code   RO          741    .ARM.Collect$$rtexit$$00000003  c_p.l(rtexit2.o)
    0x000164be   0x00000006   Code   RO          742    .ARM.Collect$$rtexit$$00000004  c_p.l(rtexit2.o)
    0x000164c4   0x0000001e   Code   RO          464    .emb_text           app_timer.o
    0x000164e2   0x00000002   PAD
    0x000164e4   0x00000038   Code   RO          649    .emb_text           c_p.l(rt_memcpy.o)
    0x0001651c   0x00000054   Code   RO            4    .text               arm_startup_nrf51.o
    0x00016570   0x000000e8   Code   RO           12    .text               system_nrf51.o
    0x00016658   0x00000714   Code   RO           69    .text               main.o
    0x00016d6c   0x00000388   Code   RO          267    .text               ble_nus.o
    0x000170f4   0x00000600   Code   RO          307    .text               ble_advdata.o
    0x000176f4   0x00000308   Code   RO          328    .text               ble_conn_params.o
    0x000179fc   0x000001d4   Code   RO          364    .text               softdevice_handler.o
    0x00017bd0   0x00000b24   Code   RO          465    .text               app_timer.o
    0x000186f4   0x0000046c   Code   RO          515    .text               app_gpiote.o
    0x00018b60   0x0000007e   Code   RO          553    .text               app_fifo.o
    0x00018bde   0x00000002   PAD
    0x00018be0   0x00000684   Code   RO          601    .text               app_uart_fifo_mod.o
    0x00019264   0x00000044   Code   RO          647    .text               c_p.l(strlen.o)
    0x000192a8   0x00000082   Code   RO          650    .text               c_p.l(rt_memcpy.o)
    0x0001932a   0x00000040   Code   RO          653    .text               c_p.l(rt_memclr.o)
    0x0001936a   0x00000006   Code   RO          657    .text               c_p.l(heapauxi.o)
    0x00019370   0x0000003e   Code   RO          677    .text               c_p.l(sys_stackheap_outer.o)
    0x000193ae   0x0000000c   Code   RO          680    .text               c_p.l(exit.o)
    0x000193ba   0x00000002   PAD
    0x000193bc   0x00000008   Code   RO          688    .text               c_p.l(libspace.o)
    0x000193c4   0x0000000c   Code   RO          750    .text               c_p.l(sys_exit.o)
    0x000193d0   0x00000002   Code   RO          761    .text               c_p.l(use_no_semi.o)
    0x000193d2   0x00000000   Code   RO          763    .text               c_p.l(indicate_semi.o)
    0x000193d2   0x0000001c   Code   RO          619    i.__ARM_common_switch8  app_uart_fifo_mod.o
    0x000193ee   0x00000002   PAD
    0x000193f0   0x00000010   Data   RO           71    .constdata          main.o
    0x00019400   0x00000010   Data   RO          268    .constdata          ble_nus.o
    0x00019410   0x00000010   Data   RO          815    Region$$Table       anon$$obj.o


    Execution Region RW_IRAM1 (Base: 0x20002000, Size: 0x00001430, Max: 0x00002000, ABSOLUTE, UNINIT)

    Base Addr    Size         Type   Attr      Idx    E Section Name        Object

    0x20002000   0x00000004   Data   RW           13    .data               system_nrf51.o
    0x20002004   0x0000000b   Data   RW           72    .data               main.o
    0x2000200f   0x00000001   PAD
    0x20002010   0x00000019   Data   RW          330    .data               ble_conn_params.o
    0x20002029   0x00000003   PAD
    0x2000202c   0x00000014   Data   RW          365    .data               softdevice_handler.o
    0x20002040   0x00000029   Data   RW          466    .data               app_timer.o
    0x20002069   0x00000003   PAD
    0x2000206c   0x0000000c   Data   RW          516    .data               app_gpiote.o
    0x20002078   0x0000000e   Data   RW          603    .data               app_uart_fifo_mod.o
    0x20002086   0x00000002   PAD
    0x20002088   0x0000030c   Zero   RW           70    .bss                main.o
    0x20002394   0x0000001c   Zero   RW          329    .bss                ble_conn_params.o
    0x200023b0   0x00000020   Zero   RW          602    .bss                app_uart_fifo_mod.o
    0x200023d0   0x00000060   Zero   RW          689    .bss                c_p.l(libspace.o)
    0x20002430   0x00000800   Zero   RW            2    HEAP                arm_startup_nrf51.o
    0x20002c30   0x00000800   Zero   RW            1    STACK               arm_startup_nrf51.o


==============================================================================

Image component sizes


      Code (inc. data)   RO Data    RW Data    ZI Data      Debug   Object Name

       126          0          0          0          0       2573   app_fifo.o
      1132         40          0         12          0      13398   app_gpiote.o
      2882        202          0         41          0      25449   app_timer.o
      1696        106          0         14         32      20118   app_uart_fifo_mod.o
        84         36       1088          0       4096        780   arm_startup_nrf51.o
      1536          4          0          0          0      10234   ble_advdata.o
       776         38          0         25         28       7834   ble_conn_params.o
       904         10         16          0          0      34926   ble_nus.o
         0          0          0          0          0       4132   ble_srv_common.o
      1812        152         16         11        780      73583   main.o
       468         86          0         20          0      36856   softdevice_handler.o
       232         30          0          4          0      21845   system_nrf51.o

    ----------------------------------------------------------------------
     11654        704       1136        136       4936     251728   Object Totals
         0          0         16          0          0          0   (incl. Generated)
         6          0          0          9          0          0   (incl. Padding)

    ----------------------------------------------------------------------

      Code (inc. data)   RO Data    RW Data    ZI Data      Debug   Library Member Name

         8          0          0          0          0         68   __main.o
         0          0          0          0          0          0   __rtentry.o
        12          0          0          0          0          0   __rtentry2.o
         6          0          0          0          0          0   __rtentry4.o
        60          8          0          0          0          0   __scatter.o
        26          0          0          0          0          0   __scatter_copy.o
        12          0          0          0          0         64   exit.o
         6          0          0          0          0        136   heapauxi.o
         0          0          0          0          0          0   indicate_semi.o
         2          0          0          0          0          0   libinit.o
         2          0          0          0          0          0   libinit2.o
         2          0          0          0          0          0   libshutdown.o
         2          0          0          0          0          0   libshutdown2.o
         8          4          0          0         96         68   libspace.o
        64          0          0          0          0        108   rt_memclr.o
       186          0          0          0          0        144   rt_memcpy.o
         2          0          0          0          0          0   rtexit.o
        10          0          0          0          0          0   rtexit2.o
        68          6          0          0          0         72   strlen.o
        12          4          0          0          0         60   sys_exit.o
        62          0          0          0          0         80   sys_stackheap_outer.o
         2          0          0          0          0         68   use_no_semi.o

    ----------------------------------------------------------------------
       554         22          0          0         96        868   Library Totals
         2          0          0          0          0          0   (incl. Padding)

    ----------------------------------------------------------------------

      Code (inc. data)   RO Data    RW Data    ZI Data      Debug   Library Name

       552         22          0          0         96        868   c_p.l

    ----------------------------------------------------------------------
       554         22          0          0         96        868   Library Totals

    ----------------------------------------------------------------------

==============================================================================


      Code (inc. data)   RO Data    RW Data    ZI Data      Debug   

     12208        726       1136        136       5032     251540   Grand Totals
     12208        726       1136        136       5032     251540   ELF Image Totals
     12208        726       1136        136          0          0   ROM Totals

==============================================================================

    Total RO  Size (Code + RO Data)                13344 (  13.03kB)
    Total RW  Size (RW Data + ZI Data)              5168 (   5.05kB)
    Total ROM Size (Code + RO Data + RW Data)      13480 (  13.16kB)

==============================================================================

